
<!DOCTYPE html>
<html>
  <head>
    <meta charset="utf-8">
    <title>Snapshot preview</title>
    <style>
      body.jest {
        display: flex;
        flex-direction: row;
        margin: 0;
        padding: 0;
        height: 100vh;
      }
      .jest--sidebar {
        width: 18em;
        padding: 0.3em 0;
        background-color: #eee;
        font-family: sans-serif;
        font-size: 0.8em;
      }
      .jest--preview {
        flex: 1;
        display: none;
        transform: translateZ(0);
      }
      .jest--preview.shown { display: block; }
      .jest--key {
        padding: 0.3em 1em;
        cursor: pointer;
      }
      .jest--key.shown { background-color: #ca461a; color: white; }
      .jest--key:hover { background-color: #ddd; }
      .jest--key.shown:hover { background-color: #ba360a; }
      pre.jest--nonreact { padding: 10px }
      
      
    </style>
    <script type="text/javascript">
      function removeClass(className, classToRemove) {
        var idx;
        var el;
        var classes;
        var els = document.getElementsByClassName(className);
        for (var i = 0; i < els.length; i++) {
          el = els[i];
          classes = el.className.split(' ');
          idx = classes.indexOf(classToRemove);
          if (idx >= 0) {
            classes.splice(idx, 1);
            el.className = classes.join(' ');
          }
        };
      }
      function onClick(id) {
        removeClass('jest--key', 'shown');
        removeClass('jest--preview', 'shown');
        el = document.getElementById('jest--preview_' + id);
        if (el) el.className += ' shown';
        el = document.getElementById('jest--key_' + id);
        if (el) el.className += ' shown';
      }
    </script>
  </head>
  <body class="jest">
    <div class="jest--sidebar">

      <div class="jest--key shown"
           id="jest--key_App changes the selected key when clicked 1"
           onclick="onClick('App changes the selected key when clicked 1')">
        App changes the selected key when clicked 1
      </div>

      <div class="jest--key"
           id="jest--key_App renders correctly with no content 1"
           onclick="onClick('App renders correctly with no content 1')">
        App renders correctly with no content 1
      </div>

      <div class="jest--key"
           id="jest--key_App shows the settings when clicked 1"
           onclick="onClick('App shows the settings when clicked 1')">
        App shows the settings when clicked 1
      </div>

      <div class="jest--key"
           id="jest--key_App shows the settings when clicked 2"
           onclick="onClick('App shows the settings when clicked 2')">
        App shows the settings when clicked 2
      </div>

    </div>

    <div id="jest--preview_App changes the selected key when clicked 1" class="jest--preview shown">
      <div
  style="background-color:white;display:flex;flex-direction:column;min-height:100%;padding:0px 10px;">
  <div
    class="giu-floats"
    style="height:0;left:0;position:absolute;top:0;width:0;">
    
  </div>
  <div
    class="giu-notifications"
    style="bottom:20px;max-width:350px;position:fixed;right:20px;z-index:9000;">
    
  </div>
  <div
    class="giu-hints">
    <div
      class="giu-hint-screen"
      style="height:100vh;left:0;position:fixed;top:0;width:100vw;z-index:50;">
      <div
        class="giu-backdrop"
        style="background-color:black;cursor:pointer;height:100vh;left:0;opacity:0.6;position:fixed;top:0;width:100vw;">
        
      </div>
      <div
        style="color:white;font-family:\"Gloria Hallelujah\", sans-serif;font-size:20px;">
        <div
          style="border:1px solid white;border-radius:8px;bottom:20px;cursor:pointer;padding:5px 25px;position:fixed;right:20px;">
          Enjoy translating!
        </div>
      </div>
    </div>
  </div>
  <div
    dataMockType="Header">
    Header
  </div>
  <div
    dataMockType="Translator"
    lang="en"
    selectedKeyId="SELECTED_KEY">
    Translator
  </div>
  <div
    dataMockType="Details"
    lang="en"
    selectedKeyId="SELECTED_KEY">
    Details
  </div>
</div>
    </div>

    <div id="jest--preview_App renders correctly with no content 1" class="jest--preview">
      <div
  style="background-color:white;display:flex;flex-direction:column;min-height:100%;padding:0px 10px;">
  <div
    class="giu-floats"
    style="height:0;left:0;position:absolute;top:0;width:0;">
    
  </div>
  <div
    class="giu-notifications"
    style="bottom:20px;max-width:350px;position:fixed;right:20px;z-index:9000;">
    
  </div>
  <div
    class="giu-hints">
    <div
      class="giu-hint-screen"
      style="height:100vh;left:0;position:fixed;top:0;width:100vw;z-index:50;">
      <div
        class="giu-backdrop"
        style="background-color:black;cursor:pointer;height:100vh;left:0;opacity:0.6;position:fixed;top:0;width:100vw;">
        
      </div>
      <div
        style="color:white;font-family:\"Gloria Hallelujah\", sans-serif;font-size:20px;">
        <div
          style="border:1px solid white;border-radius:8px;bottom:20px;cursor:pointer;padding:5px 25px;position:fixed;right:20px;">
          Enjoy translating!
        </div>
      </div>
    </div>
  </div>
  <div
    dataMockType="Header">
    Header
  </div>
  <div
    dataMockType="Translator"
    lang="en">
    Translator
  </div>
  <div
    dataMockType="Details"
    lang="en">
    Details
  </div>
</div>
    </div>

    <div id="jest--preview_App shows the settings when clicked 1" class="jest--preview">
      <div
  style="background-color:white;display:flex;flex-direction:column;min-height:100%;padding:0px 10px;">
  <div
    class="giu-floats"
    style="height:0;left:0;position:absolute;top:0;width:0;">
    
  </div>
  <div
    class="giu-notifications"
    style="bottom:20px;max-width:350px;position:fixed;right:20px;z-index:9000;">
    
  </div>
  <div
    class="giu-hints">
    <div
      class="giu-hint-screen"
      style="height:100vh;left:0;position:fixed;top:0;width:100vw;z-index:50;">
      <div
        class="giu-backdrop"
        style="background-color:black;cursor:pointer;height:100vh;left:0;opacity:0.6;position:fixed;top:0;width:100vw;">
        
      </div>
      <div
        style="color:white;font-family:\"Gloria Hallelujah\", sans-serif;font-size:20px;">
        <div
          style="border:1px solid white;border-radius:8px;bottom:20px;cursor:pointer;padding:5px 25px;position:fixed;right:20px;">
          Enjoy translating!
        </div>
      </div>
    </div>
  </div>
  <div
    dataMockType="Header">
    Header
  </div>
  <div
    dataMockType="Translator"
    lang="en">
    Translator
  </div>
  <div
    dataMockType="Details"
    lang="en">
    Details
  </div>
  <div
    dataMockType="Settings"
    lang="en">
    Settings
  </div>
</div>
    </div>

    <div id="jest--preview_App shows the settings when clicked 2" class="jest--preview">
      <div
  style="background-color:white;display:flex;flex-direction:column;min-height:100%;padding:0px 10px;">
  <div
    class="giu-floats"
    style="height:0;left:0;position:absolute;top:0;width:0;">
    
  </div>
  <div
    class="giu-notifications"
    style="bottom:20px;max-width:350px;position:fixed;right:20px;z-index:9000;">
    
  </div>
  <div
    class="giu-hints">
    <div
      class="giu-hint-screen"
      style="height:100vh;left:0;position:fixed;top:0;width:100vw;z-index:50;">
      <div
        class="giu-backdrop"
        style="background-color:black;cursor:pointer;height:100vh;left:0;opacity:0.6;position:fixed;top:0;width:100vw;">
        
      </div>
      <div
        style="color:white;font-family:\"Gloria Hallelujah\", sans-serif;font-size:20px;">
        <div
          style="border:1px solid white;border-radius:8px;bottom:20px;cursor:pointer;padding:5px 25px;position:fixed;right:20px;">
          Enjoy translating!
        </div>
      </div>
    </div>
  </div>
  <div
    dataMockType="Header">
    Header
  </div>
  <div
    dataMockType="Translator"
    lang="en">
    Translator
  </div>
  <div
    dataMockType="Details"
    lang="en">
    Details
  </div>
</div>
    </div>

  </body>
</html>
