
<!DOCTYPE html>
<html>
  <head>
    <meta charset="utf-8">
    <title>Snapshot preview</title>
    <style>
      body.jest {
        display: flex;
        flex-direction: row;
        margin: 0;
        padding: 0;
        height: 100vh;
      }
      .jest--sidebar {
        width: 18em;
        padding: 0.3em 0;
        background-color: #eee;
        font-family: sans-serif;
        font-size: 0.8em;
      }
      .jest--preview {
        flex: 1;
        display: none;
        transform: translateZ(0);
      }
      .jest--preview.shown { display: block; }
      .jest--key {
        padding: 0.3em 1em;
        cursor: pointer;
      }
      .jest--key.shown { background-color: #ca461a; color: white; }
      .jest--key:hover { background-color: #ddd; }
      .jest--key.shown:hover { background-color: #ba360a; }
      pre.jest--nonreact { padding: 10px }
      
      
    </style>
    <script type="text/javascript">
      function removeClass(className, classToRemove) {
        var idx;
        var el;
        var classes;
        var els = document.getElementsByClassName(className);
        for (var i = 0; i < els.length; i++) {
          el = els[i];
          classes = el.className.split(' ');
          idx = classes.indexOf(classToRemove);
          if (idx >= 0) {
            classes.splice(idx, 1);
            el.className = classes.join(' ');
          }
        };
      }
      function onClick(id) {
        removeClass('jest--key', 'shown');
        removeClass('jest--preview', 'shown');
        el = document.getElementById('jest--preview_' + id);
        if (el) el.className += ' shown';
        el = document.getElementById('jest--key_' + id);
        if (el) el.className += ' shown';
      }
    </script>
  </head>
  <body class="jest">
    <div class="jest--sidebar">

      <div class="jest--key shown"
           id="jest--key_Header renders correctly 1"
           onclick="onClick('Header renders correctly 1')">
        Header renders correctly 1
      </div>

      <div class="jest--key"
           id="jest--key_Header shows hints when the info button is clicked 1"
           onclick="onClick('Header shows hints when the info button is clicked 1')">
        Header shows hints when the info button is clicked 1
      </div>

      <div class="jest--key"
           id="jest--key_Header shows hints when the info button is clicked 2"
           onclick="onClick('Header shows hints when the info button is clicked 2')">
        Header shows hints when the info button is clicked 2
      </div>

    </div>

    <div id="jest--preview_Header renders correctly 1" class="jest--preview shown">
      <div
  style="-webkit-flex:0 0 2.5em;align-items:center;background-color:#dcd6ff;display:flex;flex:0 0 2.5em;flex-direction:row;padding:5px 8px;">
  <div
    style="-webkit-flex:1;flex:1;">
    
  </div>
  <div
    style="font-size:1.3em;font-weight:900;letter-spacing:3px;">
    MADY
    <i
      class="giu-icon fa fa-cog"
      id="madyBtnSettings"
      style="color:;cursor:pointer;letter-spacing:normal;margin-left:10px;"
      title="Settings">
      
    </i>
  </div>
  <div
    style="-webkit-flex:1;flex:1;font-size:1.3em;font-weight:900;letter-spacing:3px;margin-right:10px;text-align:right;">
    <i
      class="giu-icon fa fa-question-circle"
      style="color:;cursor:pointer;letter-spacing:normal;">
      
    </i>
  </div>
</div>
    </div>

    <div id="jest--preview_Header shows hints when the info button is clicked 1" class="jest--preview">
      <div>
  <div
    class="giu-hints">
    
  </div>
  <div
    style="-webkit-flex:0 0 2.5em;align-items:center;background-color:#dcd6ff;display:flex;flex:0 0 2.5em;flex-direction:row;padding:5px 8px;">
    <div
      style="-webkit-flex:1;flex:1;">
      
    </div>
    <div
      style="font-size:1.3em;font-weight:900;letter-spacing:3px;">
      MADY
      <i
        class="giu-icon fa fa-cog"
        id="madyBtnSettings"
        style="color:;cursor:pointer;letter-spacing:normal;margin-left:10px;"
        title="Settings">
        
      </i>
    </div>
    <div
      style="-webkit-flex:1;flex:1;font-size:1.3em;font-weight:900;letter-spacing:3px;margin-right:10px;text-align:right;">
      <i
        class="giu-icon fa fa-question-circle"
        style="color:;cursor:pointer;letter-spacing:normal;">
        
      </i>
    </div>
  </div>
</div>
    </div>

    <div id="jest--preview_Header shows hints when the info button is clicked 2" class="jest--preview">
      <div>
  <div
    class="giu-hints">
    <div
      class="giu-hint-screen"
      style="height:100vh;left:0;position:fixed;top:0;width:100vw;z-index:50;">
      <div
        class="giu-backdrop"
        style="background-color:black;cursor:pointer;height:100vh;left:0;opacity:0.6;position:fixed;top:0;width:100vw;">
        
      </div>
      <div
        style="color:white;font-family:\"Gloria Hallelujah\", sans-serif;font-size:20px;">
        <div
          style="border:1px solid white;border-radius:8px;bottom:20px;cursor:pointer;padding:5px 25px;position:fixed;right:20px;">
          Got it!
        </div>
      </div>
    </div>
  </div>
  <div
    style="-webkit-flex:0 0 2.5em;align-items:center;background-color:#dcd6ff;display:flex;flex:0 0 2.5em;flex-direction:row;padding:5px 8px;">
    <div
      style="-webkit-flex:1;flex:1;">
      
    </div>
    <div
      style="font-size:1.3em;font-weight:900;letter-spacing:3px;">
      MADY
      <i
        class="giu-icon fa fa-cog"
        id="madyBtnSettings"
        style="color:;cursor:pointer;letter-spacing:normal;margin-left:10px;"
        title="Settings">
        
      </i>
    </div>
    <div
      style="-webkit-flex:1;flex:1;font-size:1.3em;font-weight:900;letter-spacing:3px;margin-right:10px;text-align:right;">
      <i
        class="giu-icon fa fa-question-circle"
        style="color:;cursor:pointer;letter-spacing:normal;">
        
      </i>
    </div>
  </div>
</div>
    </div>

  </body>
</html>
