
<!DOCTYPE html>
<html>
  <head>
    <meta charset="utf-8">
    <title>Snapshot preview</title>
    <style>
      body.jest {
        display: flex;
        flex-direction: row;
        margin: 0;
        padding: 0;
        height: 100vh;
      }
      .jest--sidebar {
        width: 18em;
        padding: 0.3em 0;
        background-color: #eee;
        font-family: sans-serif;
        font-size: 0.8em;
      }
      .jest--preview {
        flex: 1;
        display: none;
        transform: translateZ(0);
      }
      .jest--preview.shown { display: block; }
      .jest--key {
        padding: 0.3em 1em;
        cursor: pointer;
      }
      .jest--key.shown { background-color: #ca461a; color: white; }
      .jest--key:hover { background-color: #ddd; }
      .jest--key.shown:hover { background-color: #ba360a; }
      pre.jest--nonreact { padding: 10px }
      
      
    </style>
    <script type="text/javascript">
      function removeClass(className, classToRemove) {
        var idx;
        var el;
        var classes;
        var els = document.getElementsByClassName(className);
        for (var i = 0; i < els.length; i++) {
          el = els[i];
          classes = el.className.split(' ');
          idx = classes.indexOf(classToRemove);
          if (idx >= 0) {
            classes.splice(idx, 1);
            el.className = classes.join(' ');
          }
        };
      }
      function onClick(id) {
        removeClass('jest--key', 'shown');
        removeClass('jest--preview', 'shown');
        el = document.getElementById('jest--preview_' + id);
        if (el) el.className += ' shown';
        el = document.getElementById('jest--key_' + id);
        if (el) el.className += ' shown';
      }
    </script>
  </head>
  <body class="jest">
    <div class="jest--sidebar">

      <div class="jest--key shown"
           id="jest--key_HoverableTranslatorRow renders correctly a key with translations 1"
           onclick="onClick('HoverableTranslatorRow renders correctly a key with translations 1')">
        HoverableTranslatorRow renders correctly a key with translations 1
      </div>

      <div class="jest--key"
           id="jest--key_HoverableTranslatorRow renders correctly a key without translations 1"
           onclick="onClick('HoverableTranslatorRow renders correctly a key without translations 1')">
        HoverableTranslatorRow renders correctly a key without translations 1
      </div>

      <div class="jest--key"
           id="jest--key_HoverableTranslatorRow renders correctly a selected key 1"
           onclick="onClick('HoverableTranslatorRow renders correctly a selected key 1')">
        HoverableTranslatorRow renders correctly a selected key 1
      </div>

    </div>

    <div id="jest--preview_HoverableTranslatorRow renders correctly a key with translations 1" class="jest--preview shown">
      <div
  class="tableBodyRow"
  id="keyId2"
  style="-webkit-flex:none;display:flex;flex:none;flex-direction:row;min-height:21px;">
  <div
    style="-webkit-flex:1 1 0px;background-color:white;border-bottom:1px solid #c6bdff;flex:1 1 0px;margin-right:5px;padding-bottom:1px;padding-left:5px;padding-right:17px;padding-top:1px;position:relative;">
    <span
      style="font-weight:900;margin-right:10px;">
      someContext
    </span>
    <span
      style="white-space:pre-wrap;">
      A message
    </span>
  </div>
  <div
    style="-webkit-flex:1 1 0px;background-color:white;border-bottom:1px solid #c6bdff;flex:1 1 0px;margin-right:5px;padding-bottom:1px;padding-left:5px;padding-right:5px;padding-top:1px;position:relative;">
    <div
      dataMockType="Translation"
      lang="es">
      Translation
    </div>
  </div>
  <div
    style="-webkit-flex:1 1 0px;background-color:white;border-bottom:1px solid #c6bdff;flex:1 1 0px;margin-right:5px;padding-bottom:1px;padding-left:5px;padding-right:5px;padding-top:1px;position:relative;">
    <div
      dataMockType="Translation"
      lang="ca">
      Translation
    </div>
  </div>
</div>
    </div>

    <div id="jest--preview_HoverableTranslatorRow renders correctly a key without translations 1" class="jest--preview">
      <div
  class="tableBodyRow"
  id="keyId1"
  style="-webkit-flex:none;display:flex;flex:none;flex-direction:row;min-height:21px;">
  <div
    style="-webkit-flex:1 1 0px;background-color:white;border-bottom:1px solid #c6bdff;flex:1 1 0px;margin-right:5px;padding-bottom:1px;padding-left:5px;padding-right:17px;padding-top:1px;position:relative;">
    <span
      style="font-weight:900;margin-right:10px;">
      someContext
    </span>
    <span
      style="white-space:pre-wrap;">
      A message
    </span>
  </div>
  <div
    style="-webkit-flex:1 1 0px;background-color:#d6e4ff;border-bottom:1px solid #c6bdff;flex:1 1 0px;margin-right:5px;padding-bottom:1px;padding-left:5px;padding-right:5px;padding-top:1px;position:relative;">
    <div
      dataMockType="Translation"
      lang="es">
      Translation
    </div>
  </div>
  <div
    style="-webkit-flex:1 1 0px;background-color:#d6e4ff;border-bottom:1px solid #c6bdff;flex:1 1 0px;margin-right:5px;padding-bottom:1px;padding-left:5px;padding-right:5px;padding-top:1px;position:relative;">
    <div
      dataMockType="Translation"
      lang="ca">
      Translation
    </div>
  </div>
</div>
    </div>

    <div id="jest--preview_HoverableTranslatorRow renders correctly a selected key 1" class="jest--preview">
      <div
  class="tableBodyRow"
  id="keyId1"
  style="-webkit-flex:none;display:flex;flex:none;flex-direction:row;min-height:21px;">
  <div
    style="-webkit-flex:1 1 0px;background-color:#dcd6ff;border-bottom:1px solid #c6bdff;flex:1 1 0px;margin-right:5px;padding-bottom:1px;padding-left:5px;padding-right:17px;padding-top:1px;position:relative;">
    <span
      style="font-weight:900;margin-right:10px;">
      someContext
    </span>
    <span
      style="white-space:pre-wrap;">
      A message
    </span>
  </div>
  <div
    style="-webkit-flex:1 1 0px;background-color:#dcd6ff;border-bottom:1px solid #c6bdff;flex:1 1 0px;margin-right:5px;padding-bottom:1px;padding-left:5px;padding-right:5px;padding-top:1px;position:relative;">
    <div
      dataMockType="Translation"
      lang="es">
      Translation
    </div>
  </div>
  <div
    style="-webkit-flex:1 1 0px;background-color:#dcd6ff;border-bottom:1px solid #c6bdff;flex:1 1 0px;margin-right:5px;padding-bottom:1px;padding-left:5px;padding-right:5px;padding-top:1px;position:relative;">
    <div
      dataMockType="Translation"
      lang="ca">
      Translation
    </div>
  </div>
</div>
    </div>

  </body>
</html>
