
<!DOCTYPE html>
<html>
  <head>
    <meta charset="utf-8">
    <title>Snapshot preview</title>
    <style>
      body.jest {
        display: flex;
        flex-direction: row;
        margin: 0;
        padding: 0;
        height: 100vh;
      }
      .jest--sidebar {
        width: 18em;
        padding: 0.3em 0;
        background-color: #eee;
        font-family: sans-serif;
        font-size: 0.8em;
      }
      .jest--preview {
        flex: 1;
        display: none;
        transform: translateZ(0);
      }
      .jest--preview.shown { display: block; }
      .jest--key {
        padding: 0.3em 1em;
        cursor: pointer;
      }
      .jest--key.shown { background-color: #ca461a; color: white; }
      .jest--key:hover { background-color: #ddd; }
      .jest--key.shown:hover { background-color: #ba360a; }
      pre.jest--nonreact { padding: 10px }
      
      
    </style>
    <script type="text/javascript">
      function removeClass(className, classToRemove) {
        var idx;
        var el;
        var classes;
        var els = document.getElementsByClassName(className);
        for (var i = 0; i < els.length; i++) {
          el = els[i];
          classes = el.className.split(' ');
          idx = classes.indexOf(classToRemove);
          if (idx >= 0) {
            classes.splice(idx, 1);
            el.className = classes.join(' ');
          }
        };
      }
      function onClick(id) {
        removeClass('jest--key', 'shown');
        removeClass('jest--preview', 'shown');
        el = document.getElementById('jest--preview_' + id);
        if (el) el.className += ' shown';
        el = document.getElementById('jest--key_' + id);
        if (el) el.className += ' shown';
      }
    </script>
  </head>
  <body class="jest">
    <div class="jest--sidebar">

      <div class="jest--key shown"
           id="jest--key_HoverableTranslation renders correctly with translation 1"
           onclick="onClick('HoverableTranslation renders correctly with translation 1')">
        HoverableTranslation renders correctly with translation 1
      </div>

      <div class="jest--key"
           id="jest--key_HoverableTranslation renders correctly without translation 1"
           onclick="onClick('HoverableTranslation renders correctly without translation 1')">
        HoverableTranslation renders correctly without translation 1
      </div>

    </div>

    <div id="jest--preview_HoverableTranslation renders correctly with translation 1" class="jest--preview shown">
      <div>
  <div
    class="giu-floats"
    style="height:0;left:0;position:absolute;top:0;width:0;">
    
  </div>
  <div
    style="margin-bottom:-2px;padding-right:40px;">
    <div
      class="giu-textarea"
      style="position:relative;">
      <div
        style="background-color:transparent;border:1px solid transparent;color:red;cursor:beam;left:0;min-height:17px;opacity:0;overflow-y:hidden;padding:0;position:absolute;top:0;white-space:pre-wrap;width:100%;z-index:-50;">
        Un mensaje
      </div>
      <textarea
        style="background-color:transparent;border:1px solid transparent;color:inherit;cursor:beam;font-family:inherit;font-size:inherit;font-weight:inherit;height:1px;line-height:inherit;min-height:17px;overflow:hidden;padding:0;resize:none;width:100%;"
        value="Un mensaje">Un mensaje</textarea>
    </div>
  </div>
</div>
    </div>

    <div id="jest--preview_HoverableTranslation renders correctly without translation 1" class="jest--preview">
      <div>
  <div
    class="giu-floats"
    style="height:0;left:0;position:absolute;top:0;width:0;">
    
  </div>
  <div
    style="margin-bottom:-2px;padding-right:40px;">
    <div
      class="giu-textarea"
      style="position:relative;">
      <div
        style="background-color:transparent;border:1px solid transparent;color:red;cursor:beam;left:0;min-height:17px;opacity:0;overflow-y:hidden;padding:0;position:absolute;top:0;white-space:pre-wrap;width:100%;z-index:-50;">
        x
      </div>
      <textarea
        style="background-color:transparent;border:1px solid transparent;color:inherit;cursor:beam;font-family:inherit;font-size:inherit;font-weight:inherit;height:1px;line-height:inherit;min-height:17px;overflow:hidden;padding:0;resize:none;width:100%;"
        value=""></textarea>
    </div>
  </div>
</div>
    </div>

  </body>
</html>
