
<!DOCTYPE html>
<html>
  <head>
    <meta charset="utf-8">
    <title>Snapshot preview</title>
    <style>
      body.jest {
        display: flex;
        flex-direction: row;
        margin: 0;
        padding: 0;
        height: 100vh;
      }
      .jest--sidebar {
        width: 18em;
        padding: 0.3em 0;
        background-color: #eee;
        font-family: sans-serif;
        font-size: 0.8em;
      }
      .jest--preview {
        flex: 1;
        display: none;
        transform: translateZ(0);
      }
      .jest--preview.shown { display: block; }
      .jest--key {
        padding: 0.3em 1em;
        cursor: pointer;
      }
      .jest--key.shown { background-color: #ca461a; color: white; }
      .jest--key:hover { background-color: #ddd; }
      .jest--key.shown:hover { background-color: #ba360a; }
      pre.jest--nonreact { padding: 10px }
      
      
    </style>
    <script type="text/javascript">
      function removeClass(className, classToRemove) {
        var idx;
        var el;
        var classes;
        var els = document.getElementsByClassName(className);
        for (var i = 0; i < els.length; i++) {
          el = els[i];
          classes = el.className.split(' ');
          idx = classes.indexOf(classToRemove);
          if (idx >= 0) {
            classes.splice(idx, 1);
            el.className = classes.join(' ');
          }
        };
      }
      function onClick(id) {
        removeClass('jest--key', 'shown');
        removeClass('jest--preview', 'shown');
        el = document.getElementById('jest--preview_' + id);
        if (el) el.className += ' shown';
        el = document.getElementById('jest--key_' + id);
        if (el) el.className += ' shown';
      }
    </script>
  </head>
  <body class="jest">
    <div class="jest--sidebar">

      <div class="jest--key shown"
           id="jest--key_Details renders correctly with a selection but no data yet 1"
           onclick="onClick('Details renders correctly with a selection but no data yet 1')">
        Details renders correctly with a selection but no data yet 1
      </div>

      <div class="jest--key"
           id="jest--key_Details renders correctly without a selection 1"
           onclick="onClick('Details renders correctly without a selection 1')">
        Details renders correctly without a selection 1
      </div>

      <div class="jest--key"
           id="jest--key_Details when the details for the selection are available renders correctly for a message that is unused 1"
           onclick="onClick('Details when the details for the selection are available renders correctly for a message that is unused 1')">
        Details when the details for the selection are available renders correctly for a message that is unused 1
      </div>

      <div class="jest--key"
           id="jest--key_Details when the details for the selection are available renders correctly for a message that is used 1"
           onclick="onClick('Details when the details for the selection are available renders correctly for a message that is used 1')">
        Details when the details for the selection are available renders correctly for a message that is used 1
      </div>

    </div>

    <div id="jest--preview_Details renders correctly with a selection but no data yet 1" class="jest--preview shown">
      <div
  style="-webkit-flex:none;background-color:#dcd6ff;flex:none;margin-top:5px;min-height:110px;padding:5px;">
  <div
    style="font-weight:900;letter-spacing:3px;margin-bottom:10px;text-align:center;">
    DETAILS
  </div>
  <div
    class="giu-large-message"
    style="color:#999999;font-size:1.4em;font-weight:700;padding:0.8em;text-align:center;">
    <i
      class="giu-icon fa fa-circle-o-notch fa-spin"
      style="color:;cursor:pointer;letter-spacing:normal;">
      
    </i>
  </div>
</div>
    </div>

    <div id="jest--preview_Details renders correctly without a selection 1" class="jest--preview">
      <div
  style="-webkit-flex:none;background-color:#dcd6ff;flex:none;margin-top:5px;min-height:110px;padding:5px;">
  <div
    style="font-weight:900;letter-spacing:3px;margin-bottom:10px;text-align:center;">
    DETAILS
  </div>
  <div
    class="giu-large-message"
    style="color:#999999;font-size:1.4em;font-weight:700;padding:0.8em;text-align:center;">
    No message selected
  </div>
</div>
    </div>

    <div id="jest--preview_Details when the details for the selection are available renders correctly for a message that is unused 1" class="jest--preview">
      <div
  style="-webkit-flex:none;background-color:#dcd6ff;flex:none;margin-top:5px;min-height:110px;padding:5px;">
  <div
    style="font-weight:900;letter-spacing:3px;margin-bottom:10px;text-align:center;">
    DETAILS
  </div>
  <div>
    <div>
      Some details
    </div>
    Used since
     
    <span
      style="color:#444;font-weight:bold;"
      title="Monday, April 18, 2016 7:37 AM">
      6 months ago
    </span>
    <span>
       
      until
       
      <span
        style="color:#444;font-weight:bold;"
        title="Thursday, April 21, 2016 7:37 AM">
        5 months ago
      </span>
    </span>
  </div>
</div>
    </div>

    <div id="jest--preview_Details when the details for the selection are available renders correctly for a message that is used 1" class="jest--preview">
      <div
  style="-webkit-flex:none;background-color:#dcd6ff;flex:none;margin-top:5px;min-height:110px;padding:5px;">
  <div
    style="font-weight:900;letter-spacing:3px;margin-bottom:10px;text-align:center;">
    DETAILS
  </div>
  <div>
    <div>
      Some details
    </div>
    Used since
     
    <span
      style="color:#444;font-weight:bold;"
      title="Monday, April 18, 2016 7:37 AM">
      6 months ago
    </span>
    :
    <ul
      style="margin-top:0;">
      <li>
        src/client/components/060-translator.js
      </li>
    </ul>
  </div>
</div>
    </div>

  </body>
</html>
