
<!DOCTYPE html>
<html>
  <head>
    <meta charset="utf-8">
    <title>Snapshot preview</title>
    <style>
      body.jest {
        display: flex;
        flex-direction: row;
        margin: 0;
        padding: 0;
        height: 100vh;
      }
      .jest--sidebar {
        width: 18em;
        padding: 0.3em 0;
        background-color: #eee;
        font-family: sans-serif;
        font-size: 0.8em;
      }
      .jest--preview {
        flex: 1;
        display: none;
        transform: translateZ(0);
      }
      .jest--preview.shown { display: block; }
      .jest--key {
        padding: 0.3em 1em;
        cursor: pointer;
      }
      .jest--key.shown { background-color: #ca461a; color: white; }
      .jest--key:hover { background-color: #ddd; }
      .jest--key.shown:hover { background-color: #ba360a; }
      pre.jest--nonreact { padding: 10px }
      
      
    </style>
    <script type="text/javascript">
      function removeClass(className, classToRemove) {
        var idx;
        var el;
        var classes;
        var els = document.getElementsByClassName(className);
        for (var i = 0; i < els.length; i++) {
          el = els[i];
          classes = el.className.split(' ');
          idx = classes.indexOf(classToRemove);
          if (idx >= 0) {
            classes.splice(idx, 1);
            el.className = classes.join(' ');
          }
        };
      }
      function onClick(id) {
        removeClass('jest--key', 'shown');
        removeClass('jest--preview', 'shown');
        el = document.getElementById('jest--preview_' + id);
        if (el) el.className += ' shown';
        el = document.getElementById('jest--key_' + id);
        if (el) el.className += ' shown';
      }
    </script>
  </head>
  <body class="jest">
    <div class="jest--sidebar">

      <div class="jest--key shown"
           id="jest--key_Settings renders correctly 1"
           onclick="onClick('Settings renders correctly 1')">
        Settings renders correctly 1
      </div>

    </div>

    <div id="jest--preview_Settings renders correctly 1" class="jest--preview shown">
      <div>
  <div
    class="giu-floats"
    style="height:0;left:0;position:absolute;top:0;width:0;">
    
  </div>
  <div
    class="giu-modal"
    style="height:100vh;left:0;position:fixed;top:0;width:100vw;z-index:50;">
    <div
      class="giu-backdrop"
      style="background-color:white;height:100vh;left:0;opacity:0.7;position:fixed;top:0;width:100vw;">
      
    </div>
    <div
      style="display:flex;flex-direction:row;left:0;position:fixed;top:5vh;width:100%;">
      <div
        style="-webkit-flex:1;flex:1;">
        
      </div>
      <div
        style="background-color:white;border-radius:2px;box-shadow:0 3px 6px rgba(0,0,0,0.16), 0 3px 6px rgba(0,0,0,0.23);max-height:90vh;overflow-y:auto;padding:20px;">
        <input
          style="cursor:default;height:0;left:8px;opacity:0;padding:0;pointer-events:none;position:fixed;top:8px;width:0;z-index:-80;">
          
        </input>
        <div>
          <div
            style="margin-top:7px;">
            <label
              for="lang">
              Mady language:
            </label>
             
            <select
              class="giu-select-native"
              style="background-color:default;border:default;color:inherit;font-family:inherit;font-size:inherit;font-weight:inherit;"
              value="\"en\"">
              <option
                id="\"en\""
                value="\"en\"">
                English
              </option>
              <option
                id="\"es\""
                value="\"es\"">
                Español
              </option>
              <option
                id="\"ca\""
                value="\"ca\"">
                Català
              </option>
            </select>
          </div>
          <div
            style="margin-bottom:3px;margin-top:7px;">
            Languages (BCP47 codes):
          </div>
          <div
            style="display:flex;flex-direction:row;margin-left:15px;">
            <div
              style="margin-right:10px;margin-top:;padding:0px 2px;white-space:nowrap;">
              <input
                class="giu-text-input"
                id="langs.0"
                placeholder="e.g. es-ES, ca…"
                style="background-color:white;border:1px solid #999999;color:inherit;font-family:inherit;font-size:inherit;font-weight:inherit;width:80px;"
                type="text"
                value="en">
                
              </input>
               
              <i
                class="giu-icon fa fa-remove"
                id="langs.0"
                style="color:#444;cursor:pointer;letter-spacing:normal;">
                
              </i>
            </div>
            <div
              style="margin-right:10px;margin-top:;padding:0px 2px;white-space:nowrap;">
              <input
                class="giu-text-input"
                id="langs.1"
                placeholder="e.g. es-ES, ca…"
                style="background-color:white;border:1px solid #999999;color:inherit;font-family:inherit;font-size:inherit;font-weight:inherit;width:80px;"
                type="text"
                value="es">
                
              </input>
               
              <i
                class="giu-icon fa fa-remove"
                id="langs.1"
                style="color:#444;cursor:pointer;letter-spacing:normal;">
                
              </i>
            </div>
            <i
              class="giu-icon fa fa-plus"
              id="langs"
              style="color:#444;cursor:pointer;display:inline-block;letter-spacing:normal;margin-top:5px;">
              
            </i>
          </div>
          <div
            style="margin-bottom:3px;margin-top:7px;">
            Source paths:
          </div>
          <div
            style="display:flex;flex-direction:column;margin-left:15px;">
            <div
              style="margin-right:10px;margin-top:1px;padding:0px 2px;white-space:nowrap;">
              <input
                class="giu-text-input"
                id="srcPaths.0"
                placeholder="e.g. src/client"
                style="background-color:white;border:1px solid #999999;color:inherit;font-family:inherit;font-size:inherit;font-weight:inherit;width:300px;"
                type="text"
                value="src">
                
              </input>
               
              <i
                class="giu-icon fa fa-remove"
                id="srcPaths.0"
                style="color:#444;cursor:pointer;letter-spacing:normal;">
                
              </i>
            </div>
            <i
              class="giu-icon fa fa-plus"
              id="srcPaths"
              style="color:#444;cursor:pointer;display:inline-block;letter-spacing:normal;margin-top:5px;">
              
            </i>
          </div>
          <div
            style="margin-bottom:3px;margin-top:7px;">
            Source extensions:
          </div>
          <div
            style="display:flex;flex-direction:row;margin-left:15px;">
            <div
              style="margin-right:10px;margin-top:;padding:0px 2px;white-space:nowrap;">
              <input
                class="giu-text-input"
                id="srcExtensions.0"
                placeholder="e.g. .js"
                style="background-color:white;border:1px solid #999999;color:inherit;font-family:inherit;font-size:inherit;font-weight:inherit;width:60px;"
                type="text"
                value=".js">
                
              </input>
               
              <i
                class="giu-icon fa fa-remove"
                id="srcExtensions.0"
                style="color:#444;cursor:pointer;letter-spacing:normal;">
                
              </i>
            </div>
            <div
              style="margin-right:10px;margin-top:;padding:0px 2px;white-space:nowrap;">
              <input
                class="giu-text-input"
                id="srcExtensions.1"
                placeholder="e.g. .js"
                style="background-color:white;border:1px solid #999999;color:inherit;font-family:inherit;font-size:inherit;font-weight:inherit;width:60px;"
                type="text"
                value=".jsx">
                
              </input>
               
              <i
                class="giu-icon fa fa-remove"
                id="srcExtensions.1"
                style="color:#444;cursor:pointer;letter-spacing:normal;">
                
              </i>
            </div>
            <i
              class="giu-icon fa fa-plus"
              id="srcExtensions"
              style="color:#444;cursor:pointer;display:inline-block;letter-spacing:normal;margin-top:5px;">
              
            </i>
          </div>
          <div
            style="margin-bottom:3px;margin-top:7px;">
            Message translation functions to look for:
          </div>
          <div
            style="display:flex;flex-direction:row;margin-left:15px;">
            <div
              style="margin-right:10px;margin-top:;padding:0px 2px;white-space:nowrap;">
              <input
                class="giu-text-input"
                id="msgFunctionNames.0"
                placeholder="e.g. _t"
                style="background-color:white;border:1px solid #999999;color:inherit;font-family:inherit;font-size:inherit;font-weight:inherit;width:60px;"
                type="text"
                value="_t">
                
              </input>
               
              <i
                class="giu-icon fa fa-remove"
                id="msgFunctionNames.0"
                style="color:#444;cursor:pointer;letter-spacing:normal;">
                
              </i>
            </div>
            <i
              class="giu-icon fa fa-plus"
              id="msgFunctionNames"
              style="color:#444;cursor:pointer;display:inline-block;letter-spacing:normal;margin-top:5px;">
              
            </i>
          </div>
          <div
            style="margin-bottom:3px;margin-top:7px;">
            ADVANCED: Additional regular expressions for message parsing:
             
            <i
              class="giu-icon fa fa-info-circle"
              style="color:;cursor:pointer;letter-spacing:normal;"
              title="Make sure your regular expression has exactly one capture group: (.*?)">
              
            </i>
          </div>
          <div
            style="display:flex;flex-direction:column;margin-left:15px;">
            <i
              class="giu-icon fa fa-plus"
              id="msgRegexps"
              style="color:#444;cursor:pointer;display:inline-block;letter-spacing:normal;margin-top:5px;">
              
            </i>
          </div>
          <div
            style="margin-top:7px;">
            <input
              class="giu-checkbox"
              id="fMinify"
              type="checkbox">
              
            </input>
            <label
              for="fMinify">
              Minify output JavaScript
            </label>
          </div>
        </div>
        <div
          style="border-top:1px solid #999999;display:flex;flex-direction:row;margin-top:10px;padding-top:10px;">
          <span
            class="giu-button"
            style="-webkit-user-select:none;border:1px solid #999999;border-radius:5px;cursor:pointer;display:inline-block;margin-right:5px;padding:1px 5px;user-select:none;">
            Cancel
          </span>
          <div
            style="-webkit-flex:1;flex:1;">
            
          </div>
          <span
            class="giu-button"
            style="-webkit-user-select:none;border:1px solid black;border-radius:5px;cursor:pointer;display:inline-block;margin-left:5px;padding:1px 5px;user-select:none;">
            Save
          </span>
        </div>
      </div>
      <div
        style="-webkit-flex:1;flex:1;">
        
      </div>
    </div>
  </div>
</div>
    </div>

  </body>
</html>
