
<!DOCTYPE html>
<html>
  <head>
    <meta charset="utf-8">
    <title>Snapshot preview</title>
    <style>
      body.jest {
        display: flex;
        flex-direction: row;
        margin: 0;
        padding: 0;
        height: 100vh;
      }
      .jest--sidebar {
        width: 18em;
        padding: 0.3em 0;
        background-color: #eee;
        font-family: sans-serif;
        font-size: 0.8em;
      }
      .jest--preview {
        flex: 1;
        display: none;
        transform: translateZ(0);
      }
      .jest--preview.shown { display: block; }
      .jest--key {
        padding: 0.3em 1em;
        cursor: pointer;
      }
      .jest--key.shown { background-color: #ca461a; color: white; }
      .jest--key:hover { background-color: #ddd; }
      .jest--key.shown:hover { background-color: #ba360a; }
      pre.jest--nonreact { padding: 10px }
      
      
    </style>
    <script type="text/javascript">
      function removeClass(className, classToRemove) {
        var idx;
        var el;
        var classes;
        var els = document.getElementsByClassName(className);
        for (var i = 0; i < els.length; i++) {
          el = els[i];
          classes = el.className.split(' ');
          idx = classes.indexOf(classToRemove);
          if (idx >= 0) {
            classes.splice(idx, 1);
            el.className = classes.join(' ');
          }
        };
      }
      function onClick(id) {
        removeClass('jest--key', 'shown');
        removeClass('jest--preview', 'shown');
        el = document.getElementById('jest--preview_' + id);
        if (el) el.className += ' shown';
        el = document.getElementById('jest--key_' + id);
        if (el) el.className += ' shown';
      }
    </script>
  </head>
  <body class="jest">
    <div class="jest--sidebar">

      <div class="jest--key shown"
           id="jest--key_compileTranslations should allow minification 1"
           onclick="onClick('compileTranslations should allow minification 1')">
        compileTranslations should allow minification 1
      </div>

      <div class="jest--key"
           id="jest--key_compileTranslations should compile a key with plural selection 1"
           onclick="onClick('compileTranslations should compile a key with plural selection 1')">
        compileTranslations should compile a key with plural selection 1
      </div>

      <div class="jest--key"
           id="jest--key_compileTranslations should include all keys for which a translation is available 1"
           onclick="onClick('compileTranslations should include all keys for which a translation is available 1')">
        compileTranslations should include all keys for which a translation is available 1
      </div>

      <div class="jest--key"
           id="jest--key_compileTranslations should include keys with braces, even if no translation is available 1"
           onclick="onClick('compileTranslations should include keys with braces, even if no translation is available 1')">
        compileTranslations should include keys with braces, even if no translation is available 1
      </div>

    </div>

    <div id="jest--preview_compileTranslations should allow minification 1" class="jest--preview shown">
      <pre class="jest--nonreact">
"function anonymous(){return{keyId3:function(n){return\"Hello \"+n.NAME+\"!\"},keyId4:function(n){return\"¡Adiós, \"+n.NAME+\"!\"},keyId1:function(n){return\"¡Hola!\"}}}module.exports=anonymous();"
</pre>
    </div>

    <div id="jest--preview_compileTranslations should compile a key with plural selection 1" class="jest--preview">
      <pre class="jest--nonreact">
"/* eslint-disable */
  function anonymous() {
    var es = function (n, ord) {
  if (ord) return \'other\';
  return (n == 1) ? \'one\' : \'other\';
};
var number = function (value, name, offset) {
  if (!offset) return value;
  if (isNaN(value)) throw new Error(\'Can\\\'t apply offset:\' + offset + \' to argument `\' + name +
                                    \'` with non-numerical value \' + JSON.stringify(value) + \'.\');
  return value - offset;
};
var plural = function (value, offset, lcfunc, data, isOrdinal) {
  if ({}.hasOwnProperty.call(data, value)) return data[value];
  if (offset) value -= offset;
  var key = lcfunc(value, isOrdinal);
  if (key in data) return data[key];
  return data.other;
};

return {
  ID: function(d) { return plural(d.NUM, 0, es, { one: \"1 hamburguesa\", other: number(d.NUM, \"NUM\") + \" hamburguesas\" }); }
}
  };
  module.exports = anonymous();
  /* eslint-enable */
  "
</pre>
    </div>

    <div id="jest--preview_compileTranslations should include all keys for which a translation is available 1" class="jest--preview">
      <pre class="jest--nonreact">
"/* eslint-disable */
  function anonymous() {
    
return {
  keyId1: function(d) { return \"¡Hola!\"; },
  keyId4: function(d) { return \"¡Adiós, \" + d.NAME + \"!\"; }
}
  };
  module.exports = anonymous();
  /* eslint-enable */
  "
</pre>
    </div>

    <div id="jest--preview_compileTranslations should include keys with braces, even if no translation is available 1" class="jest--preview">
      <pre class="jest--nonreact">
"/* eslint-disable */
  function anonymous() {
    
return {
  keyId3: function(d) { return \"Hello \" + d.NAME + \"!\"; },
  keyId4: function(d) { return \"¡Adiós, \" + d.NAME + \"!\"; },
  keyId1: function(d) { return \"¡Hola!\"; }
}
  };
  module.exports = anonymous();
  /* eslint-enable */
  "
</pre>
    </div>

  </body>
</html>
