
<!DOCTYPE html>
<html>
  <head>
    <meta charset="utf-8">
    <title>Snapshot preview</title>
    <style>
      body.jest {
        display: flex;
        flex-direction: row;
        margin: 0;
        padding: 0;
        height: 100vh;
      }
      .jest--sidebar {
        width: 18em;
        padding: 0.3em 0;
        background-color: #eee;
        font-family: sans-serif;
        font-size: 0.8em;
      }
      .jest--preview {
        flex: 1;
        display: none;
        transform: translateZ(0);
      }
      .jest--preview.shown { display: block; }
      .jest--key {
        padding: 0.3em 1em;
        cursor: pointer;
      }
      .jest--key.shown { background-color: #ca461a; color: white; }
      .jest--key:hover { background-color: #ddd; }
      .jest--key.shown:hover { background-color: #ba360a; }
      pre.jest--nonreact { padding: 10px }
      
      
    </style>
    <script type="text/javascript">
      function removeClass(className, classToRemove) {
        var idx;
        var el;
        var classes;
        var els = document.getElementsByClassName(className);
        for (var i = 0; i < els.length; i++) {
          el = els[i];
          classes = el.className.split(' ');
          idx = classes.indexOf(classToRemove);
          if (idx >= 0) {
            classes.splice(idx, 1);
            el.className = classes.join(' ');
          }
        };
      }
      function onClick(id) {
        removeClass('jest--key', 'shown');
        removeClass('jest--preview', 'shown');
        el = document.getElementById('jest--preview_' + id);
        if (el) el.className += ' shown';
        el = document.getElementById('jest--key_' + id);
        if (el) el.className += ' shown';
      }
    </script>
  </head>
  <body class="jest">
    <div class="jest--sidebar">

      <div class="jest--key shown"
           id="jest--key_db should allow creating keys 1"
           onclick="onClick('db should allow creating keys 1')">
        db should allow creating keys 1
      </div>

      <div class="jest--key"
           id="jest--key_db should allow creating keys 2"
           onclick="onClick('db should allow creating keys 2')">
        db should allow creating keys 2
      </div>

      <div class="jest--key"
           id="jest--key_db should allow creating translations 1"
           onclick="onClick('db should allow creating translations 1')">
        db should allow creating translations 1
      </div>

      <div class="jest--key"
           id="jest--key_db should allow creating translations 2"
           onclick="onClick('db should allow creating translations 2')">
        db should allow creating translations 2
      </div>

      <div class="jest--key"
           id="jest--key_db should allow deleting keys 1"
           onclick="onClick('db should allow deleting keys 1')">
        db should allow deleting keys 1
      </div>

      <div class="jest--key"
           id="jest--key_db should allow deleting keys 2"
           onclick="onClick('db should allow deleting keys 2')">
        db should allow deleting keys 2
      </div>

      <div class="jest--key"
           id="jest--key_db should allow deleting translations 1"
           onclick="onClick('db should allow deleting translations 1')">
        db should allow deleting translations 1
      </div>

      <div class="jest--key"
           id="jest--key_db should allow deleting translations 2"
           onclick="onClick('db should allow deleting translations 2')">
        db should allow deleting translations 2
      </div>

      <div class="jest--key"
           id="jest--key_db should allow updating keys 1"
           onclick="onClick('db should allow updating keys 1')">
        db should allow updating keys 1
      </div>

      <div class="jest--key"
           id="jest--key_db should allow updating keys 2"
           onclick="onClick('db should allow updating keys 2')">
        db should allow updating keys 2
      </div>

      <div class="jest--key"
           id="jest--key_db should allow updating translations 1"
           onclick="onClick('db should allow updating translations 1')">
        db should allow updating translations 1
      </div>

      <div class="jest--key"
           id="jest--key_db should allow updating translations 2"
           onclick="onClick('db should allow updating translations 2')">
        db should allow updating translations 2
      </div>

    </div>

    <div id="jest--preview_db should allow creating keys 1" class="jest--preview shown">
      <pre class="jest--nonreact">
Object {
  "context": "someContext",
  "firstUsed": "2016-10-05T08:00:00.000Z",
  "id": "someContext_someText",
  "sources": Array [],
  "text": "someText",
  "unusedSince": null,
}
</pre>
    </div>

    <div id="jest--preview_db should allow creating keys 2" class="jest--preview">
      <pre class="jest--nonreact">
Array [
  Object {
    "context": "someContext",
    "firstUsed": "2016-10-05T08:00:00.000Z",
    "id": "someContext_someText",
    "sources": Array [],
    "text": "someText",
    "unusedSince": null,
  },
]
</pre>
    </div>

    <div id="jest--preview_db should allow creating translations 1" class="jest--preview">
      <pre class="jest--nonreact">
Object {
  "id": "deterministicId",
  "keyId": "someContext_someText",
  "lang": "es",
  "translation": "algúnTexto",
}
</pre>
    </div>

    <div id="jest--preview_db should allow creating translations 2" class="jest--preview">
      <pre class="jest--nonreact">
Array [
  Object {
    "id": "deterministicId",
    "keyId": "someContext_someText",
    "lang": "es",
    "translation": "algúnTexto",
  },
]
</pre>
    </div>

    <div id="jest--preview_db should allow deleting keys 1" class="jest--preview">
      <pre class="jest--nonreact">
Object {
  "context": "someContext",
  "firstUsed": "2016-10-05T08:00:00.000Z",
  "id": "someContext_someText",
  "sources": Array [],
  "text": "someText",
  "unusedSince": "2016-10-05T12:00:00.000Z",
}
</pre>
    </div>

    <div id="jest--preview_db should allow deleting keys 2" class="jest--preview">
      <pre class="jest--nonreact">
Array [
  Object {
    "context": null,
    "firstUsed": null,
    "id": "anotherText",
    "sources": Array [],
    "text": "anotherText",
    "unusedSince": null,
  },
]
</pre>
    </div>

    <div id="jest--preview_db should allow deleting translations 1" class="jest--preview">
      <pre class="jest--nonreact">
Object {
  "keyId": "someContext_someText",
  "lang": "ca",
  "translation": "Una traducción mejor",
}
</pre>
    </div>

    <div id="jest--preview_db should allow deleting translations 2" class="jest--preview">
      <pre class="jest--nonreact">
Array [
  Object {
    "keyId": "someContext_someText",
    "lang": "es",
    "translation": "algúnTexto",
  },
]
</pre>
    </div>

    <div id="jest--preview_db should allow updating keys 1" class="jest--preview">
      <pre class="jest--nonreact">
Object {
  "context": "someContext",
  "firstUsed": "2016-10-05T08:00:00.000Z",
  "id": "someContext_someText",
  "sources": Array [],
  "text": "someText",
  "unusedSince": "2016-10-05T12:00:00.000Z",
}
</pre>
    </div>

    <div id="jest--preview_db should allow updating keys 2" class="jest--preview">
      <pre class="jest--nonreact">
Array [
  Object {
    "context": "someContext",
    "firstUsed": "2016-10-05T08:00:00.000Z",
    "id": "someContext_someText",
    "sources": Array [],
    "text": "someText",
    "unusedSince": "2016-10-05T12:00:00.000Z",
  },
  Object {
    "context": null,
    "firstUsed": null,
    "id": "anotherText",
    "sources": Array [],
    "text": "anotherText",
    "unusedSince": null,
  },
]
</pre>
    </div>

    <div id="jest--preview_db should allow updating translations 1" class="jest--preview">
      <pre class="jest--nonreact">
Object {
  "keyId": "someContext_someText",
  "lang": "ca",
  "translation": "Una traducción mejor",
}
</pre>
    </div>

    <div id="jest--preview_db should allow updating translations 2" class="jest--preview">
      <pre class="jest--nonreact">
Array [
  Object {
    "keyId": "someContext_someText",
    "lang": "es",
    "translation": "algúnTexto",
  },
  Object {
    "keyId": "someContext_someText",
    "lang": "ca",
    "translation": "Una traducción mejor",
  },
]
</pre>
    </div>

  </body>
</html>
